[world5.commonsupport.com/html/gardener/index.html]
[backblue.gif]
[fade.gif]
[index.html]
[world5.commonsupport.com/html/gardener/images/fav-icon/apple-icon-57x57.png]
[world5.commonsupport.com/html/gardener/images/fav-icon/apple-icon-60x60.png]
[world5.commonsupport.com/html/gardener/images/fav-icon/apple-icon-72x72.png]
[world5.commonsupport.com/html/gardener/images/fav-icon/apple-icon-76x76.png]
[world5.commonsupport.com/html/gardener/images/fav-icon/apple-icon-114x114.png]
[world5.commonsupport.com/html/gardener/images/fav-icon/apple-icon-120x120.png]
[world5.commonsupport.com/html/gardener/images/fav-icon/apple-icon-144x144.png]
[world5.commonsupport.com/html/gardener/images/fav-icon/apple-icon-180x180.png]
[world5.commonsupport.com/html/gardener/images/fav-icon/android-icon-192x192.png]
[world5.commonsupport.com/html/gardener/images/fav-icon/favicon-32x32.png]
[world5.commonsupport.com/html/gardener/images/fav-icon/favicon-96x96.png]
[world5.commonsupport.com/html/gardener/images/fav-icon/favicon-16x16.png]
[world5.commonsupport.com/html/gardener/css/bootstrap/bootstrap.css]
[world5.commonsupport.com/html/gardener/css/revolution/settings.css]
[world5.commonsupport.com/html/gardener/css/revolution/layers.css]
[world5.commonsupport.com/html/gardener/css/revolution/navigation.css]
[world5.commonsupport.com/html/gardener/css/owl.carousel.css]
[world5.commonsupport.com/html/gardener/css/owl.theme.css]
[world5.commonsupport.com/html/gardener/css/fancy-box/jquery.fancybox.css]
[world5.commonsupport.com/html/gardener/css/jquery-css/jquery-ui.css]
[world5.commonsupport.com/html/gardener/fonts/font-awesome/css/font-awesome.min.css]
[world5.commonsupport.com/html/gardener/css/custom/style.css]
[world5.commonsupport.com/html/gardener/css/responsive/responsive.css]
[world5.commonsupport.com/html/gardener/about-gardener.html]
[world5.commonsupport.com/html/gardener/images/logo/logo.png]
[world5.commonsupport.com/html/gardener/index-2.html]
[world5.commonsupport.com/html/gardener/client-testimonals.html]
[world5.commonsupport.com/html/gardener/faq.html]
[world5.commonsupport.com/html/gardener/404.html]
[world5.commonsupport.com/html/gardener/price.html]
[world5.commonsupport.com/html/gardener/checkout-page.html]
[world5.commonsupport.com/html/gardener/design-and-planning.html]
[world5.commonsupport.com/html/gardener/lawn-and-garden-care.html]
[world5.commonsupport.com/html/gardener/irrigation-and-drainage.html]
[world5.commonsupport.com/html/gardener/snow-and-ice-removal.html]
[world5.commonsupport.com/html/gardener/spring-fall-cleanup.html]
[world5.commonsupport.com/html/gardener/stone-and-hardscaping.html]
[world5.commonsupport.com/html/gardener/all-services.html]
[world5.commonsupport.com/html/gardener/fullwidth-gallery.html]
[world5.commonsupport.com/html/gardener/classic-gallery.html]
[world5.commonsupport.com/html/gardener/masanory_gallery.html]
[world5.commonsupport.com/html/gardener/fullwidth-detail-page.html]
[world5.commonsupport.com/html/gardener/blog-grid-without-sidebar.html]
[world5.commonsupport.com/html/gardener/blog-fullwidth-sidebar.html]
[world5.commonsupport.com/html/gardener/blog-list-view.html]
[world5.commonsupport.com/html/gardener/blog-single-post.html]
[world5.commonsupport.com/html/gardener/shop.html]
[world5.commonsupport.com/html/gardener/shop-with-sidebar.html]
[world5.commonsupport.com/html/gardener/single-shop.html]
[world5.commonsupport.com/html/gardener/cart.html]
[world5.commonsupport.com/html/gardener/login.html]
[world5.commonsupport.com/html/gardener/contact-us.html]
[world5.commonsupport.com/html/gardener/images/home/1.jpg]
[world5.commonsupport.com/html/gardener/images/home/2.jpg]
[world5.commonsupport.com/html/gardener/images/home/3.jpg]
[world5.commonsupport.com/html/gardener/images/home/4.jpg]
[world5.commonsupport.com/html/gardener/images/home/5.jpg]
[world5.commonsupport.com/html/gardener/images/home/6.jpg]
[world5.commonsupport.com/html/gardener/images/home/7.jpg]
[world5.commonsupport.com/html/gardener/images/home/9.jpg]
[world5.commonsupport.com/html/gardener/images/home/10.jpg]
[world5.commonsupport.com/html/gardener/images/home/11.jpg]
[world5.commonsupport.com/html/gardener/images/home/12.jpg]
[world5.commonsupport.com/html/gardener/images/home/13.jpg]
[world5.commonsupport.com/html/gardener/images/home/14.jpg]
[world5.commonsupport.com/html/gardener/images/home/15.jpg]
[world5.commonsupport.com/html/gardener/images/home/badge.png]
[world5.commonsupport.com/html/gardener/images/home/16.jpg]
[world5.commonsupport.com/html/gardener/images/home/17.jpg]
[world5.commonsupport.com/html/gardener/images/home/18.jpg]
[world5.commonsupport.com/html/gardener/images/home/sign.png]
[world5.commonsupport.com/html/gardener/images/home/sign2.png]
[world5.commonsupport.com/html/gardener/js/bootstrap.min.js]
[world5.commonsupport.com/html/gardener/js/revolution/jquery.themepunch.revolution.min.js]
[world5.commonsupport.com/html/gardener/js/revolution/revolution.extension.slideanims.min.js]
[world5.commonsupport.com/html/gardener/js/revolution/jquery.themepunch.tools.min.js]
[world5.commonsupport.com/html/gardener/js/revolution/revolution.extension.layeranimation.min.js]
[world5.commonsupport.com/html/gardener/js/revolution/revolution.extension.navigation.min.js]
[world5.commonsupport.com/html/gardener/js/revolution/revolution.extension.kenburn.min.js]
[world5.commonsupport.com/html/gardener/js/revolution/revolution.extension.actions.min.js]
[world5.commonsupport.com/html/gardener/js/jquery-2.1.4.js]
[world5.commonsupport.com/html/gardener/js/jquery.mixitup.min.js]
[world5.commonsupport.com/html/gardener/js/owl.carousel.min.js]
[world5.commonsupport.com/html/gardener/js/gmap.js]
[world5.commonsupport.com/html/gardener/js/jquery.fancybox.pack.js]
[world5.commonsupport.com/html/gardener/js/validate.js]
[world5.commonsupport.com/html/gardener/index.html]
[world5.commonsupport.com/html/gardener/images/fav-icon/apple-icon-152x152.html]
[world5.commonsupport.com/html/gardener/js/main.js]
[world5.commonsupport.com/html/gardener/css/bootstrap/bootstrap.css]
[world5.commonsupport.com/html/gardener/fonts/revicons/revicons90c6.woff]
[world5.commonsupport.com/html/gardener/fonts/revicons/revicons90c6.eot]
[world5.commonsupport.com/html/gardener/fonts/revicons/revicons90c6.svg]
[world5.commonsupport.com/html/gardener/fonts/revicons/revicons90c6.ttf]
[world5.commonsupport.com/html/gardener/js/jquery-ui.min.js]
[world5.commonsupport.com/html/gardener/css/revolution/settings.css]
[world5.commonsupport.com/html/gardener/css/revolution/layers.css]
[world5.commonsupport.com/html/gardener/css/revolution/navigation.css]
[world5.commonsupport.com/html/gardener/css/owl.carousel.css]
[world5.commonsupport.com/html/gardener/css/owl.theme.css]
[world5.commonsupport.com/html/gardener/css/fancy-box/fancybox_sprite.png]
[world5.commonsupport.com/html/gardener/css/fancy-box/jquery.fancybox.css]
[world5.commonsupport.com/html/gardener/css/jquery-css/images/ui-icons_444444_256x240.png]
[world5.commonsupport.com/html/gardener/css/jquery-css/images/ui-icons_777777_256x240.png]
[world5.commonsupport.com/html/gardener/css/jquery-css/images/ui-icons_555555_256x240.png]
[world5.commonsupport.com/html/gardener/css/jquery-css/jquery-ui.css]
[world5.commonsupport.com/html/gardener/fonts/font-awesome/fonts/fontawesome-webfont3295.woff2]
[world5.commonsupport.com/html/gardener/fonts/font-awesome/fonts/fontawesome-webfont3295.woff]
[world5.commonsupport.com/html/gardener/fonts/font-awesome/fonts/fontawesome-webfont3295.eot]
[world5.commonsupport.com/html/gardener/fonts/font-awesome/fonts/fontawesome-webfontd41d.eot]
[world5.commonsupport.com/html/gardener/fonts/font-awesome/css/font-awesome.min.css]
[world5.commonsupport.com/html/gardener/fonts/font-awesome/fonts/fontawesome-webfont3295.svg]
[world5.commonsupport.com/html/gardener/fonts/font-awesome/fonts/fontawesome-webfont.woff2]
[world5.commonsupport.com/html/gardener/fonts/font-awesome/fonts/fontawesome-webfont3295.ttf]
[world5.commonsupport.com/html/gardener/fonts/font-awesome/fonts/fontawesome-webfont.woff]
[world5.commonsupport.com/html/gardener/fonts/font-awesome/fonts/fontawesome-webfont.eot]
[world5.commonsupport.com/html/gardener/fonts/font-awesome/fonts/fontawesome-webfont.ttf]
[world5.commonsupport.com/html/gardener/fonts/font-awesome/fonts/fontawesome-webfont.svg]
[world5.commonsupport.com/html/gardener/images/logo/title-logo.png]
[world5.commonsupport.com/html/gardener/images/logo/title-logo2.png]
[world5.commonsupport.com/html/gardener/images/home/menu-bg.png]
[world5.commonsupport.com/html/gardener/images/home/left-arw.png]
[world5.commonsupport.com/html/gardener/images/home/right-arw.png]
[world5.commonsupport.com/html/gardener/images/home/8.jpg]
[world5.commonsupport.com/html/gardener/images/home/p-bg.jpg]
[world5.commonsupport.com/html/gardener/images/home/19.jpg]
[world5.commonsupport.com/html/gardener/images/home/qut.jpg]
[world5.commonsupport.com/html/gardener/images/home/21.jpg]
[world5.commonsupport.com/html/gardener/images/home/20.jpg]
[world5.commonsupport.com/html/gardener/images/logo/title-logo3.png]
[world5.commonsupport.com/html/gardener/images/home/inner-banner.jpg]
[world5.commonsupport.com/html/gardener/images/about/2.png]
[world5.commonsupport.com/html/gardener/images/about/3.jpg]
[world5.commonsupport.com/html/gardener/images/home/qut2.jpg]
[world5.commonsupport.com/html/gardener/images/price/bg.png]
[world5.commonsupport.com/html/gardener/images/home/bg3.png]
[world5.commonsupport.com/html/gardener/images/home/bg2.png]
[world5.commonsupport.com/html/gardener/images/home/bg4.png]
[world5.commonsupport.com/html/gardener/images/home/bg.png]
[world5.commonsupport.com/html/gardener/css/custom/style.css]
[world5.commonsupport.com/html/gardener/images/home/22.jpg]
[world5.commonsupport.com/html/gardener/css/responsive/responsive.css]
[world5.commonsupport.com/html/gardener/images/about/1.png]
[world5.commonsupport.com/html/gardener/images/about/4.jpg]
[world5.commonsupport.com/html/gardener/images/about/5.jpg]
[world5.commonsupport.com/html/gardener/images/about/6.jpg]
[world5.commonsupport.com/html/gardener/images/about/7.jpg]
[world5.commonsupport.com/html/gardener/images/about/8.jpg]
[world5.commonsupport.com/html/gardener/images/about/9.jpg]
[world5.commonsupport.com/html/gardener/js/jquery.counterup.min.js]
[cdnjs.cloudflare.com/ajax/libs/waypoints/2.0.3/waypoints.min.js]
[world5.commonsupport.com/html/gardener/about-gardener.html]
[world5.commonsupport.com/html/gardener/index-2.html]
[world5.commonsupport.com/html/gardener/client-testimonals.html]
[world5.commonsupport.com/html/gardener/faq.html]
[world5.commonsupport.com/html/gardener/images/404/2.png]
[world5.commonsupport.com/html/gardener/images/404/1.png]
[world5.commonsupport.com/html/gardener/404.html]
[world5.commonsupport.com/html/gardener/price.html]
[world5.commonsupport.com/html/gardener/images/shop/20.jpg]
[world5.commonsupport.com/html/gardener/images/shop/21.jpg]
[world5.commonsupport.com/html/gardener/images/shop/22.jpg]
[world5.commonsupport.com/html/gardener/images/check-out/1.jpg]
[world5.commonsupport.com/html/gardener/images/check-out/2.jpg]
[world5.commonsupport.com/html/gardener/checkout-page.html]
[world5.commonsupport.com/html/gardener/images/service/13.jpg]
[world5.commonsupport.com/html/gardener/images/service/134.jpg]
[world5.commonsupport.com/html/gardener/images/service/131.jpg]
[world5.commonsupport.com/html/gardener/images/service/141.jpg]
[world5.commonsupport.com/html/gardener/images/service/132.jpg]
[world5.commonsupport.com/html/gardener/images/service/142.jpg]
[world5.commonsupport.com/html/gardener/images/service/133.jpg]
[world5.commonsupport.com/html/gardener/images/service/143.jpg]
[world5.commonsupport.com/html/gardener/images/service/16.jpg]
[world5.commonsupport.com/html/gardener/images/service/15.jpg]
[world5.commonsupport.com/html/gardener/design-and-planning.html]
[world5.commonsupport.com/html/gardener/images/service/144.jpg]
[world5.commonsupport.com/html/gardener/lawn-and-garden-care.html]
[world5.commonsupport.com/html/gardener/irrigation-and-drainage.html]
[world5.commonsupport.com/html/gardener/snow-and-ice-removal.html]
[world5.commonsupport.com/html/gardener/spring-fall-cleanup.html]
[world5.commonsupport.com/html/gardener/stone-and-hardscaping.html]
[world5.commonsupport.com/html/gardener/images/service/1.jpg]
[world5.commonsupport.com/html/gardener/images/service/2.jpg]
[world5.commonsupport.com/html/gardener/images/service/3.jpg]
[world5.commonsupport.com/html/gardener/images/service/4.jpg]
[world5.commonsupport.com/html/gardener/images/service/5.jpg]
[world5.commonsupport.com/html/gardener/images/service/6.jpg]
[world5.commonsupport.com/html/gardener/all-services.html]
[world5.commonsupport.com/html/gardener/images/gallery/7.jpg]
[world5.commonsupport.com/html/gardener/images/gallery/11.jpg]
[world5.commonsupport.com/html/gardener/images/gallery/15.jpg]
[world5.commonsupport.com/html/gardener/images/gallery/8.jpg]
[world5.commonsupport.com/html/gardener/images/gallery/12.jpg]
[world5.commonsupport.com/html/gardener/images/gallery/16.jpg]
[world5.commonsupport.com/html/gardener/images/gallery/9.jpg]
[world5.commonsupport.com/html/gardener/images/gallery/13.jpg]
[world5.commonsupport.com/html/gardener/images/gallery/17.jpg]
[world5.commonsupport.com/html/gardener/images/gallery/10.jpg]
[world5.commonsupport.com/html/gardener/images/gallery/14.jpg]
[world5.commonsupport.com/html/gardener/images/gallery/18.jpg]
[world5.commonsupport.com/html/gardener/fullwidth-gallery.html]
[world5.commonsupport.com/html/gardener/images/gallery/1.jpg]
[world5.commonsupport.com/html/gardener/images/gallery/2.jpg]
[world5.commonsupport.com/html/gardener/images/gallery/3.jpg]
[world5.commonsupport.com/html/gardener/images/gallery/4.jpg]
[world5.commonsupport.com/html/gardener/images/gallery/5.jpg]
[world5.commonsupport.com/html/gardener/images/gallery/6.jpg]
[world5.commonsupport.com/html/gardener/classic-gallery.html]
[world5.commonsupport.com/html/gardener/images/gallery/19.jpg]
[world5.commonsupport.com/html/gardener/images/gallery/20.jpg]
[world5.commonsupport.com/html/gardener/images/gallery/21.jpg]
[world5.commonsupport.com/html/gardener/images/gallery/22.jpg]
[world5.commonsupport.com/html/gardener/images/gallery/23.jpg]
[world5.commonsupport.com/html/gardener/images/gallery/24.jpg]
[world5.commonsupport.com/html/gardener/images/gallery/25.jpg]
[world5.commonsupport.com/html/gardener/images/gallery/26.jpg]
[world5.commonsupport.com/html/gardener/images/gallery/27.jpg]
[world5.commonsupport.com/html/gardener/images/gallery/28.jpg]
[world5.commonsupport.com/html/gardener/masanory_gallery.html]
[world5.commonsupport.com/html/gardener/images/service/7.jpg]
[world5.commonsupport.com/html/gardener/images/service/8.jpg]
[world5.commonsupport.com/html/gardener/images/service/9.jpg]
[world5.commonsupport.com/html/gardener/images/service/10.jpg]
[world5.commonsupport.com/html/gardener/images/service/11.jpg]
[world5.commonsupport.com/html/gardener/images/service/12.jpg]
[world5.commonsupport.com/html/gardener/fullwidth-detail-page.html]
[world5.commonsupport.com/html/gardener/images/blog/1.jpg]
[world5.commonsupport.com/html/gardener/images/blog/2.jpg]
[world5.commonsupport.com/html/gardener/images/blog/3.jpg]
[world5.commonsupport.com/html/gardener/images/blog/4.jpg]
[world5.commonsupport.com/html/gardener/images/blog/5.jpg]
[world5.commonsupport.com/html/gardener/images/blog/6.jpg]
[world5.commonsupport.com/html/gardener/blog-grid-without-sidebar.html]
[world5.commonsupport.com/html/gardener/images/blog/7.jpg]
[world5.commonsupport.com/html/gardener/images/blog/8.jpg]
[world5.commonsupport.com/html/gardener/images/blog/9.jpg]
[world5.commonsupport.com/html/gardener/images/blog/10.jpg]
[world5.commonsupport.com/html/gardener/images/blog/11.jpg]
[world5.commonsupport.com/html/gardener/images/blog/12.jpg]
[world5.commonsupport.com/html/gardener/images/blog/13.jpg]
[world5.commonsupport.com/html/gardener/images/blog/14.jpg]
[world5.commonsupport.com/html/gardener/images/blog/15.jpg]
[world5.commonsupport.com/html/gardener/blog-fullwidth-sidebar.html]
[world5.commonsupport.com/html/gardener/images/blog/16.jpg]
[world5.commonsupport.com/html/gardener/images/blog/17.jpg]
[world5.commonsupport.com/html/gardener/images/blog/18.jpg]
[world5.commonsupport.com/html/gardener/images/blog/19.jpg]
[world5.commonsupport.com/html/gardener/images/blog/20.jpg]
[world5.commonsupport.com/html/gardener/images/blog/21.jpg]
[world5.commonsupport.com/html/gardener/images/blog/22.jpg]
[world5.commonsupport.com/html/gardener/blog-list-view.html]
[world5.commonsupport.com/html/gardener/images/blog/23.jpg]
[world5.commonsupport.com/html/gardener/images/blog/24.jpg]
[world5.commonsupport.com/html/gardener/blog-single-post.html]
[world5.commonsupport.com/html/gardener/images/shop/1.jpg]
[world5.commonsupport.com/html/gardener/images/shop/2.jpg]
[world5.commonsupport.com/html/gardener/images/shop/3.jpg]
[world5.commonsupport.com/html/gardener/images/shop/4.jpg]
[world5.commonsupport.com/html/gardener/images/shop/5.jpg]
[world5.commonsupport.com/html/gardener/images/shop/6.jpg]
[world5.commonsupport.com/html/gardener/images/shop/7.jpg]
[world5.commonsupport.com/html/gardener/images/shop/8.jpg]
[world5.commonsupport.com/html/gardener/images/shop/9.jpg]
[world5.commonsupport.com/html/gardener/images/shop/10.jpg]
[world5.commonsupport.com/html/gardener/images/shop/11.jpg]
[world5.commonsupport.com/html/gardener/images/shop/12.jpg]
[world5.commonsupport.com/html/gardener/shop.html]
[world5.commonsupport.com/html/gardener/css/jquery-ui.min.css]
[world5.commonsupport.com/html/gardener/images/shop/13.jpg]
[world5.commonsupport.com/html/gardener/images/shop/14.jpg]
[world5.commonsupport.com/html/gardener/images/shop/15.jpg]
[world5.commonsupport.com/html/gardener/images/shop/16.jpg]
[world5.commonsupport.com/html/gardener/images/shop/17.jpg]
[world5.commonsupport.com/html/gardener/images/shop/18.jpg]
[world5.commonsupport.com/html/gardener/shop-with-sidebar.html]
[world5.commonsupport.com/html/gardener/images/shop/19.jpg]
[world5.commonsupport.com/html/gardener/single-shop.html]
[world5.commonsupport.com/html/gardener/cart.html]
[world5.commonsupport.com/html/gardener/login.html]
[world5.commonsupport.com/html/gardener/contact-us.html]
[world5.commonsupport.com/html/gardener/css/fonts/glyphicons-halflings-regular.html]
[world5.commonsupport.com/html/gardener/css/fonts/glyphicons-halflings-regulard41d.html]
[world5.commonsupport.com/html/gardener/css/fonts/glyphicons-halflings-regular-2.html]
[world5.commonsupport.com/html/gardener/css/fonts/glyphicons-halflings-regular-3.html]
[world5.commonsupport.com/html/gardener/css/fonts/glyphicons-halflings-regular-4.html]
[world5.commonsupport.com/html/gardener/css/fonts/glyphicons-halflings-regular-5.html]
[world5.commonsupport.com/html/gardener/fonts/revicons/revicons90c6.svg]
[world5.commonsupport.com/html/gardener/css/revolution/openhand.html]
[world5.commonsupport.com/html/gardener/css/revolution/closedhand.html]
[world5.commonsupport.com/html/gardener/css/assets/gridtile.html]
[world5.commonsupport.com/html/gardener/css/assets/gridtile_white.html]
[world5.commonsupport.com/html/gardener/css/assets/gridtile_3x3.html]
[world5.commonsupport.com/html/gardener/css/assets/gridtile_3x3_white.html]
[world5.commonsupport.com/html/gardener/css/assets/coloredbg.html]
[world5.commonsupport.com/html/gardener/css/assets/loader.html]
[world5.commonsupport.com/html/gardener/css/grabbing.html]
[world5.commonsupport.com/html/gardener/css/AjaxLoader.html]
[world5.commonsupport.com/html/gardener/css/fancy-box/fancybox_loading.html]
[world5.commonsupport.com/html/gardener/css/fancy-box/blank.html]
[world5.commonsupport.com/html/gardener/css/fancy-box/fancybox_overlay.html]
[world5.commonsupport.com/html/gardener/css/fancy-box/fancybox_sprite@2x.html]
[world5.commonsupport.com/html/gardener/css/fancy-box/fancybox_loading@2x.html]
[world5.commonsupport.com/html/gardener/css/jquery-css/images/ui-icons_ffffff_256x240.html]
[world5.commonsupport.com/html/gardener/css/jquery-css/images/ui-icons_777620_256x240.html]
[world5.commonsupport.com/html/gardener/css/jquery-css/images/ui-icons_cc0000_256x240.html]
[world5.commonsupport.com/html/gardener/fonts/font-awesome/fonts/fontawesome-webfont3295.svg]
[world5.commonsupport.com/html/gardener/fonts/font-awesome/fonts/fontawesome-webfont.svg]
[world5.commonsupport.com/html/gardener/index-html.html]
[world5.commonsupport.com/html/gardener/css/jquery-ui.min.css]
[world5.commonsupport.com/html/gardener/img/jquery-ui/ui-bg_flat_75_ffffff_40x100.html]
[world5.commonsupport.com/html/gardener/img/jquery-ui/ui-bg_highlight-soft_75_cccccc_1x100.html]
[world5.commonsupport.com/html/gardener/img/jquery-ui/ui-bg_glass_75_e6e6e6_1x400.html]
[world5.commonsupport.com/html/gardener/img/jquery-ui/ui-bg_glass_75_dadada_1x400.html]
[world5.commonsupport.com/html/gardener/img/jquery-ui/ui-bg_glass_65_ffffff_1x400.html]
[world5.commonsupport.com/html/gardener/img/jquery-ui/ui-bg_glass_55_fbf9ee_1x400.html]
[world5.commonsupport.com/html/gardener/img/jquery-ui/ui-bg_glass_95_fef1ec_1x400.html]
[world5.commonsupport.com/html/gardener/img/jquery-ui/ui-icons_222222_256x240.html]
[world5.commonsupport.com/html/gardener/img/jquery-ui/ui-icons_888888_256x240.html]
[world5.commonsupport.com/html/gardener/img/jquery-ui/ui-icons_454545_256x240.html]
[world5.commonsupport.com/html/gardener/img/jquery-ui/ui-icons_2e83ff_256x240.html]
[world5.commonsupport.com/html/gardener/img/jquery-ui/ui-icons_cd0a0a_256x240.html]
[world5.commonsupport.com/html/gardener/img/jquery-ui/ui-bg_flat_0_aaaaaa_40x100.html]
